# scheme<TAB>path_wallpaper_folder

# --- existing (validated) ---
gruvbox-dark-medium     /home/cid/pictures/walls/gruvbox/dark/
catppuccin-mocha        /home/cid/pictures/walls/catppuccin/dark/
catppuccin-latte        /home/cid/pictures/walls/catppuccin/light/
onedark                 /home/cid/pictures/walls/onedark/dark/
nord                    /home/cid/pictures/walls/nord/dark/
everforest-dark-medium  /home/cid/pictures/walls/everforest/dark/
solarized-dark          /home/cid/pictures/walls/solarized/dark/
tokyo-night-storm       /home/cid/pictures/walls/tokyo-night/storm/
dracula                 /home/cid/pictures/walls/dracula/dark/
rose-pine-moon          /home/cid/pictures/walls/rose-pine/moon/
telematry               /home/cid/pictures/walls/telematry/
aamis                   /home/cid/pictures/walls/aamis/
pine                    /home/cid/pictures/walls/pine/
boombox                 /home/cid/pictures/walls/boombox/
ethereal                /home/cid/pictures/walls/ethereal/
aquarium                /home/cid/pictures/walls/aquarium/

# --- added / completed ---
ashes                   /home/cid/pictures/walls/ashes/
aylin                   /home/cid/pictures/walls/aylin/
ayu-dark                /home/cid/pictures/walls/ayu/dark/
ayu-light               /home/cid/pictures/walls/ayu/light/
bearded-arc             /home/cid/pictures/walls/bearded-arc/
blossom-light           /home/cid/pictures/walls/blossom/light/
carbonfox               /home/cid/pictures/walls/carbonfox/
catppuccin              /home/cid/pictures/walls/catppuccin/
chadracula              /home/cid/pictures/walls/chadracula/
chadracula-evondev      /home/cid/pictures/walls/chadracula/evondev/
chadtain                /home/cid/pictures/walls/chadtain/
chocolate               /home/cid/pictures/walls/chocolate/
darcula-dark             /home/cid/pictures/walls/darcula/dark/
dark-horizon             /home/cid/pictures/walls/dark-horizon/
decay                   /home/cid/pictures/walls/decay/
default-dark             /home/cid/pictures/walls/default/dark/
default-light            /home/cid/pictures/walls/default/light/
doomchad                /home/cid/pictures/walls/doomchad/
eldritch                /home/cid/pictures/walls/eldritch/
embark                  /home/cid/pictures/walls/embark/
everblush               /home/cid/pictures/walls/everblush/
everforest              /home/cid/pictures/walls/everforest/
everforest-light         /home/cid/pictures/walls/everforest/light/
falcon                  /home/cid/pictures/walls/falcon/
flexoki                 /home/cid/pictures/walls/flexoki/
flexoki-light            /home/cid/pictures/walls/flexoki/light/
fluoromachine           /home/cid/pictures/walls/fluoromachine/
gatekeeper              /home/cid/pictures/walls/gatekeeper/
generated               /home/cid/pictures/walls/generated/
github-dark              /home/cid/pictures/walls/github/dark/
github-light             /home/cid/pictures/walls/github/light/
gruvbox                 /home/cid/pictures/walls/gruvbox/
gruvbox-light            /home/cid/pictures/walls/gruvbox/light/
gruvchad                /home/cid/pictures/walls/gruvchad/
hiberbee                /home/cid/pictures/walls/hiberbee/
horizon                  /home/cid/pictures/walls/horizon/
jabuti                  /home/cid/pictures/walls/jabuti/
jellybeans              /home/cid/pictures/walls/jellybeans/
kanagawa                /home/cid/pictures/walls/kanagawa/
kanagawa-dragon          /home/cid/pictures/walls/kanagawa/dragon/
material-darker          /home/cid/pictures/walls/material/darker/
material-deep-ocean      /home/cid/pictures/walls/material/deep-ocean/
material-lighter         /home/cid/pictures/walls/material/lighter/
melange                 /home/cid/pictures/walls/melange/
midnight-breeze         /home/cid/pictures/walls/midnight-breeze/
mito-laser              /home/cid/pictures/walls/mito-laser/
monekai                 /home/cid/pictures/walls/monekai/
monochrome              /home/cid/pictures/walls/monochrome/
mountain                /home/cid/pictures/walls/mountain/
nano-light               /home/cid/pictures/walls/nano/light/
neofusion               /home/cid/pictures/walls/neofusion/
nightfox                /home/cid/pictures/walls/nightfox/
nightlamp               /home/cid/pictures/walls/nightlamp/
nightowl                /home/cid/pictures/walls/nightowl/
obsidian-ember           /home/cid/pictures/walls/obsidian-ember/
oceanic-next             /home/cid/pictures/walls/oceanic-next/dark/
oceanic-next-light       /home/cid/pictures/walls/oceanic-next/light/
one-light                /home/cid/pictures/walls/one/light/
onenord                 /home/cid/pictures/walls/onenord/dark/
onenord-light            /home/cid/pictures/walls/onenord/light/
oxocarbon               /home/cid/pictures/walls/oxocarbon/
palenight                /home/cid/pictures/walls/palenight/
pastelDark               /home/cid/pictures/walls/pastel/dark/
pastelbeans              /home/cid/pictures/walls/pastelbeans/
penumbra-dark             /home/cid/pictures/walls/penumbra/dark/
penumbra-light            /home/cid/pictures/walls/penumbra/light/
poimandres               /home/cid/pictures/walls/poimandres/
radium                  /home/cid/pictures/walls/radium/
rosepine                 /home/cid/pictures/walls/rose-pine/
rosepine-dawn            /home/cid/pictures/walls/rose-pine/dawn/
rxyhn                   /home/cid/pictures/walls/rxyhn/
scaryforest              /home/cid/pictures/walls/scaryforest/
seoul256-dark             /home/cid/pictures/walls/seoul256/dark/
seoul256-light            /home/cid/pictures/walls/seoul256/light/
solarized-light           /home/cid/pictures/walls/solarized/light/
solarized-osaka          /home/cid/pictures/walls/solarized/osaka/
starlight                /home/cid/pictures/walls/starlight/
sunrise-breeze           /home/cid/pictures/walls/sunrise-breeze/
sweetpastel              /home/cid/pictures/walls/sweetpastel/
tokyodark                /home/cid/pictures/walls/tokyodark/
tokyonight               /home/cid/pictures/walls/tokyonight/
tomorrow-night           /home/cid/pictures/walls/tomorrow/night/
tundra                   /home/cid/pictures/walls/tundra/
vesper                   /home/cid/pictures/walls/vesper/
vscode-dark               /home/cid/pictures/walls/vscode/dark/
vscode-light              /home/cid/pictures/walls/vscode/light/
wombat                   /home/cid/pictures/walls/wombat/
yoru                     /home/cid/pictures/walls/yoru/
zenburn                  /home/cid/pictures/walls/zenburn/
