# scheme<TAB>path_wallpaper_folder
# --- Mapped to your flavours list ---
catppuccin              /home/cid/pictures/walls/catppuccin/dark/
catppuccin-light        /home/cid/pictures/walls/catppuccin/light/
everforest              /home/cid/pictures/walls/everforest/dark/
everforest-light        /home/cid/pictures/walls/everforest/light/
flexoki-light           /home/cid/pictures/walls/flexoki/light/
generated               /home/cid/pictures/walls/generated/
kanagawa                /home/cid/pictures/walls/kanagawa/dark/
kanagawa-light          /home/cid/pictures/walls/kanagawa/light/
rosepine                /home/cid/pictures/walls/rose-pine/moon/
rosepine-dawn           /home/cid/pictures/walls/rose-pine/dawn/
tokyonight              /home/cid/pictures/walls/tokyonight/
gruvbox                 /home/cid/pictures/walls/gruvbox/dark/
gruvbox-light           /home/cid/pictures/walls/gruvbox/light/
noir                    /home/cid/pictures/walls/thegreek/
e-ink                   /home/cid/pictures/walls/e-ink/
material-u-dark         /home/cid/pictures/walls/material-u/dark/
abstract                /home/cid/pictures/walls/pastel/
eye-cachy               /home/cid/pictures/walls/eye-cachy/
emby                    /home/cid/pictures/walls/emby/
